// Jest Snapshot v1, https://goo.gl/fbAQLP

exports[`AddMovie component should render AddMovie snapshot 1`] = `
<DocumentFragment>
  <button
    class="sc-AxjAm kMBfSm"
  >
    + ADD MOVIE
  </button>
</DocumentFragment>
`;
